> Task :app:checkKotlinGradlePluginConfigurationErrors
> Task :app:preBuild UP-TO-DATE
> Task :app:preDebugBuild UP-TO-DATE
> Task :app:generateDebugBuildConfig UP-TO-DATE
> Task :app:checkDebugAarMetadata UP-TO-DATE
> Task :app:generateDebugResValues UP-TO-DATE
> Task :app:mapDebugSourceSetPaths UP-TO-DATE
> Task :app:generateDebugResources UP-TO-DATE
> Task :app:mergeDebugResources UP-TO-DATE
> Task :app:packageDebugResources UP-TO-DATE
> Task :app:parseDebugLocalResources UP-TO-DATE
> Task :app:createDebugCompatibleScreenManifests UP-TO-DATE
> Task :app:extractDeepLinksDebug UP-TO-DATE
> Task :app:processDebugMainManifest UP-TO-DATE
> Task :app:processDebugManifest UP-TO-DATE
> Task :app:processDebugManifestForPackage UP-TO-DATE
> Task :app:processDebugResources UP-TO-DATE
> Task :app:compileDebugKotlin

> Task :app:compileDebugKotlin FAILED
./gradlew : e: file://
/C:/Users/pc/.gemini/a
ntigravity/scratch/raj
asthan_exam/app/src/ma
in/java/com/rajasthane
xams/MainActivity.kt:3
98:21 Cannot find a 
parameter with this 
name: 
unreadNotifications
At line:1 char:1
+ ./gradlew app:compil
eDebugKotlin > 
build_output.txt 
2>&1; cat build_o ...
+ ~~~~~~~~~~~~~~~~~~~~
~~~~~~~~~~~~~~~~~~~~~~
~~~~~~~~~~~~~~
    + CategoryInfo    
          : NotSpeci  
  fied: (e: file://   
 /C:/U...adNotific    
ations:String) []    
, RemoteException
    + FullyQualifiedE 
   rrorId : NativeCo  
  mmandError
 
e: file:///C:/Users/pc
/.gemini/antigravity/s
cratch/rajasthan_exam/
app/src/main/java/com/
rajasthanexams/ui/scre
ens/TestsByTypeScreen.
kt:199:5 Cannot find 
a parameter with this 
name: onDownloadClick
e: file:///C:/Users/pc
/.gemini/antigravity/s
cratch/rajasthan_exam/
app/src/main/java/com/
rajasthanexams/ui/scre
ens/TestsByTypeScreen.
kt:199:48 Unresolved 
reference: it

[Incubating] Problems report is available at: file:///C:/Users/pc/.gemini/antigravity/scratch/rajasthan_exam/build/reports/problems/problems-report.html

FAILURE: Build failed 
with an exception.

* What went wrong:
Execution failed for 
task ':app:compileDebu
gKotlin'.
> A failure occurred 
while executing org.je
tbrains.kotlin.compile
rRunner.GradleCompiler
RunnerWithWorkers$Grad
leKotlinCompilerWorkAc
tion
   > Compilation 
error. See log for 
more details

* Try:
> Run with 
--stacktrace option 
to get the stack 
trace.
> Run with --info or 
--debug option to get 
more log output.
> Run with --scan to 
get full insights.
> Get more help at htt
ps://help.gradle.org.

Deprecated Gradle features were used in this build, making it incompatible with Gradle 10.0.

You can use '--warning-mode all' to show the individual deprecation warnings and determine if they come from your own scripts or plugins.

For more on this, please refer to https://docs.gradle.org/9.0-milestone-1/userguide/command_line_interface.html#sec:command_line_warnings in the Gradle documentation.

BUILD FAILED in 1m 18s
15 actionable tasks: 2 executed, 13 up-to-date
