> Task :app:preBuild UP-TO-DATE
> Task :app:preDebugBuild UP-TO-DATE
> Task :app:mergeDebugNativeDebugMetadata NO-SOURCE
> Task :app:checkKotlinGradlePluginConfigurationErrors
> Task :app:generateDebugBuildConfig UP-TO-DATE
> Task :app:checkDebugAarMetadata UP-TO-DATE
> Task :app:generateDebugResValues UP-TO-DATE
> Task :app:mapDebugSourceSetPaths UP-TO-DATE
> Task :app:generateDebugResources UP-TO-DATE
> Task :app:mergeDebugResources UP-TO-DATE
> Task :app:packageDebugResources UP-TO-DATE
> Task :app:parseDebugLocalResources UP-TO-DATE
> Task :app:createDebugCompatibleScreenManifests UP-TO-DATE
> Task :app:extractDeepLinksDebug UP-TO-DATE
> Task :app:processDebugMainManifest UP-TO-DATE
> Task :app:processDebugManifest UP-TO-DATE
> Task :app:processDebugManifestForPackage UP-TO-DATE
> Task :app:processDebugResources UP-TO-DATE
> Task :app:javaPreCompileDebug UP-TO-DATE
> Task :app:mergeDebugShaders UP-TO-DATE
> Task :app:compileDebugShaders NO-SOURCE
> Task :app:generateDebugAssets UP-TO-DATE
> Task :app:mergeDebugAssets UP-TO-DATE
> Task :app:compressDebugAssets UP-TO-DATE
> Task :app:checkDebugDuplicateClasses UP-TO-DATE
> Task :app:desugarDebugFileDependencies UP-TO-DATE
> Task :app:mergeExtDexDebug UP-TO-DATE
> Task :app:mergeLibDexDebug UP-TO-DATE
> Task :app:mergeDebugJniLibFolders UP-TO-DATE
> Task :app:mergeDebugNativeLibs UP-TO-DATE
> Task :app:stripDebugDebugSymbols UP-TO-DATE
> Task :app:validateSigningDebug UP-TO-DATE
> Task :app:writeDebugAppMetadata UP-TO-DATE
> Task :app:writeDebugSigningConfigVersions UP-TO-DATE

> Task :app:compileDebugKotlin FAILED
e: file:///C:/Users/pc/.gemini/antigravity/scratch/rajasthan_exam/app/src/main/java/com/rajasthanexams/ui/screens/RankersScreen.kt:138:29 Expecting an expression
e: file:///C:/Users/pc/.gemini/antigravity/scratch/rajasthan_exam/app/src/main/java/com/rajasthanexams/ui/screens/UserInfoScreen.kt:54:23 Unresolved reference: uploadProfilePicture
e: file:///C:/Users/pc/.gemini/antigravity/scratch/rajasthan_exam/app/src/main/java/com/rajasthanexams/ui/screens/UserInfoScreen.kt:54:60 Cannot infer a type for this parameter. Please specify it explicitly.
e: file:///C:/Users/pc/.gemini/antigravity/scratch/rajasthan_exam/app/src/main/java/com/rajasthanexams/ui/screens/UserInfoScreen.kt:186:62 Type mismatch: inferred type is String? but (Boolean, String?) -> Unit was expected
e: file:///C:/Users/pc/.gemini/antigravity/scratch/rajasthan_exam/app/src/main/java/com/rajasthanexams/ui/screens/UserInfoScreen.kt:186:81 Too many arguments for public final fun updateProfile(name: String, email: String, onResult: (Boolean, String?) -> Unit): Unit defined in com.rajasthanexams.ui.viewmodels.LoginViewModel
e: file:///C:/Users/pc/.gemini/antigravity/scratch/rajasthan_exam/app/src/main/java/com/rajasthanexams/ui/screens/UserInfoScreen.kt:186:83 Cannot infer a type for this parameter. Please specify it explicitly.
e: file:///C:/Users/pc/.gemini/antigravity/scratch/rajasthan_exam/app/src/main/java/com/rajasthanexams/ui/screens/UserInfoScreen.kt:186:92 Cannot infer a type for this parameter. Please specify it explicitly.

[Incubating] Problems report is available at: file:///C:/Users/pc/.gemini/antigravity/scratch/rajasthan_exam/build/reports/problems/problems-report.html

FAILURE: Build failed with an exception.

* What went wrong:
Execution failed for task ':app:compileDebugKotlin'.
> A failure occurred while executing org.jetbrains.kotlin.compilerRunner.GradleCompilerRunnerWithWorkers$GradleKotlinCompilerWorkAction
   > Compilation error. See log for more details

* Try:
> Run with --stacktrace option to get the stack trace.
> Run with --info or --debug option to get more log output.
> Run with --scan to get full insights.
> Get more help at https://help.gradle.org.

Deprecated Gradle features were used in this build, making it incompatible with Gradle 10.0.

You can use '--warning-mode all' to show the individual deprecation warnings and determine if they come from your own scripts or plugins.

For more on this, please refer to https://docs.gradle.org/9.0-milestone-1/userguide/command_line_interface.html#sec:command_line_warnings in the Gradle documentation.

BUILD FAILED in 23s
29 actionable tasks: 2 executed, 27 up-to-date
